=== BEFORE LOG ===
BASELINE MAPPING CAPTURE
========================
Key `langchain . chains . llm . LLMChain` resolves to: `langchain . chains . llm . LLMChain` -> [STALE (INVALID)]
Key `langchain . schema . agent . ToolAgentAction` resolves to: `langchain . agents . output_parsers . tools . ToolAgentAction` -> [STALE (INVALID)]
Key `langchain . output_parsers . fix . OutputFixingParser` resolves to: `langchain . output_parsers . fix . OutputFixingParser` -> [STALE (INVALID)]
Key `langchain . output_parsers . regex . RegexParser` resolves to: `langchain . output_parsers . regex . RegexParser` -> [STALE (INVALID)]
Key `langchain . output_parsers . combining . CombiningOutputParser` resolves to: `langchain . output_parsers . combining . CombiningOutputParser` -> [STALE (INVALID)]
Key `langchain . schema . runnable . HubRunnable` resolves to: `langchain . runnables . hub . HubRunnable` -> [STALE (INVALID)]
Key `langchain . schema . runnable . OpenAIFunctionsRouter` resolves to: `langchain . runnables . openai_functions . OpenAIFunctionsRouter` -> [STALE (INVALID)]
Key `langchain . schema . agent . OpenAIToolAgentAction` resolves to: `langchain . agents . output_parsers . openai_tools . OpenAIToolAgentAction` -> [STALE (INVALID)]

=== AFTER LOG ===
BASELINE MAPPING CAPTURE
========================
Key `langchain . chains . llm . LLMChain` resolves to: `langchain_classic . chains . llm . LLMChain` -> [VALID]
Key `langchain . schema . agent . ToolAgentAction` resolves to: `langchain_classic . agents . output_parsers . tools . ToolAgentAction` -> [VALID]
Key `langchain . output_parsers . fix . OutputFixingParser` resolves to: `langchain_classic . output_parsers . fix . OutputFixingParser` -> [VALID]
Key `langchain . output_parsers . regex . RegexParser` resolves to: `langchain_classic . output_parsers . regex . RegexParser` -> [VALID]
Key `langchain . output_parsers . combining . CombiningOutputParser` resolves to: `langchain_classic . output_parsers . combining . CombiningOutputParser` -> [VALID]
Key `langchain . schema . runnable . HubRunnable` resolves to: `langchain_classic . runnables . hub . HubRunnable` -> [VALID]
Key `langchain . schema . runnable . OpenAIFunctionsRouter` resolves to: `langchain_classic . runnables . openai_functions . OpenAIFunctionsRouter` -> [VALID]
Key `langchain . schema . agent . OpenAIToolAgentAction` resolves to: `langchain_classic . agents . output_parsers . openai_tools . OpenAIToolAgentAction` -> [VALID]
