# serializer version: 1
# name: TestOpenAIStandard.test_serdes[serialized]
  dict({
    'id': list([
      'langchain',
      'chat_models',
      'azure_openai',
      'AzureChatOpenAI',
    ]),
    'kwargs': dict({
      'azure_endpoint': 'https://test.azure.com',
      'deployment_name': 'test',
      'disabled_params': dict({
        'parallel_tool_calls': None,
      }),
      'max_retries': 2,
      'max_tokens': 100,
      'openai_api_key': dict({
        'id': list([
          'AZURE_OPENAI_API_KEY',
        ]),
        'lc': 1,
        'type': 'secret',
      }),
      'openai_api_type': 'azure',
      'openai_api_version': '2021-10-01',
      'request_timeout': 60.0,
      'stop': list([
      ]),
      'temperature': 0.0,
      'validate_base_url': True,
    }),
    'lc': 1,
    'name': 'AzureChatOpenAI',
    'type': 'constructor',
  })
# ---
