# serializer version: 1
# name: test_graph_sequence
  '''
              +-------------+              
              | PromptInput |              
              +-------------+              
                      *                    
                      *                    
                      *                    
             +----------------+            
             | PromptTemplate |            
             +----------------+            
                      *                    
                      *                    
                      *                    
              +-------------+              
              | FakeListLLM |              
              +-------------+              
                      *                    
                      *                    
                      *                    
     +--------------------------------+    
     | CommaSeparatedListOutputParser |    
     +--------------------------------+    
                      *                    
                      *                    
                      *                    
  +--------------------------------------+ 
  | CommaSeparatedListOutputParserOutput | 
  +--------------------------------------+ 
  '''
# ---
# name: test_graph_sequence_map
  '''
                                       +-------------+                                           
                                       | PromptInput |                                           
                                       +-------------+                                           
                                              *                                                  
                                              *                                                  
                                              *                                                  
                                      +----------------+                                         
                                      | PromptTemplate |                                         
                                      +----------------+                                         
                                              *                                                  
                                              *                                                  
                                              *                                                  
                                       +-------------+                                           
                                       | FakeListLLM |                                           
                                       +-------------+                                           
                                              *                                                  
                                              *                                                  
                                              *                                                  
                                      +---------------+                                          
                                      | ParallelInput |                                          
                                      +---------------+*****                                     
                                    ***                     ******                               
                                 ***                              *****                          
                               **                                      *****                     
                    +-------------+                                         ***                  
                    | LambdaInput |                                           *                  
                    +-------------+                                           *                  
                   **              **                                         *                  
                ***                  ***                                      *                  
              **                        **                                    *                  
  +-----------------+             +-----------------+                         *                  
  | StrOutputParser |             | XMLOutputParser |                         *                  
  +-----------------+             +-----------------+                         *                  
                   **              **                                         *                  
                     ***        ***                                           *                  
                        **    **                                              *                  
                    +--------------+                         +--------------------------------+  
                    | LambdaOutput |                         | CommaSeparatedListOutputParser |  
                    +--------------+                         +--------------------------------+  
                                    ***                     ******                               
                                       ***             *****                                     
                                          **        ***                                          
                                        +-----------+                                            
                                        | MapOutput |                                            
                                        +-----------+                                            
  '''
# ---
# name: test_graph_single_runnable
  '''
  +----------------------+   
  | StrOutputParserInput |   
  +----------------------+   
              *              
              *              
              *              
     +-----------------+     
     | StrOutputParser |     
     +-----------------+     
              *              
              *              
              *              
  +-----------------------+  
  | StrOutputParserOutput |  
  +-----------------------+  
  '''
# ---
