# serializer version: 1
# name: test_graph_sequence
  '''
              +-------------+              
              | PromptInput |              
              +-------------+              
                      *                    
                      *                    
                      *                    
             +----------------+            
             | PromptTemplate |            
             +----------------+            
                      *                    
                      *                    
                      *                    
              +-------------+              
              | FakeListLLM |              
              +-------------+              
                      *                    
                      *                    
                      *                    
     +--------------------------------+    
     | CommaSeparatedListOutputParser |    
     +--------------------------------+    
                      *                    
                      *                    
                      *                    
  +--------------------------------------+ 
  | CommaSeparatedListOutputParserOutput | 
  +--------------------------------------+ 
  '''
# ---
# name: test_graph_sequence_map
  '''
                                             +-------------+                                                 
                                             | PromptInput |                                                 
                                             +-------------+                                                 
                                                     *                                                       
                                                     *                                                       
                                                     *                                                       
                                            +----------------+                                               
                                            | PromptTemplate |                                               
                                            +----------------+                                               
                                                     *                                                       
                                                     *                                                       
                                                     *                                                       
                                             +-------------+                                                 
                                             | FakeListLLM |                                                 
                                             +-------------+                                                 
                                                     *                                                       
                                                     *                                                       
                                                     *                                                       
                                    +-------------------------------+                                        
                                    | Parallel<as_list,as_str>Input |                                        
                                    +-------------------------------+                                        
                                       *****                         ******                                  
                                    ***                                    ******                            
                                 ***                                             ******                      
            +------------------------------+                                           ****                  
            | conditional_str_parser_input |                                              *                  
            +------------------------------+                                              *                  
                   ***              ***                                                   *                  
                ***                    ***                                                *                  
              **                          **                                              *                  
  +-----------------+               +-----------------+                                   *                  
  | StrOutputParser |               | XMLOutputParser |                                   *                  
  +-----------------+               +-----------------+                                   *                  
                   ***              ***                                                   *                  
                      ***        ***                                                      *                  
                         **    **                                                         *                  
            +-------------------------------+                            +--------------------------------+  
            | conditional_str_parser_output |                            | CommaSeparatedListOutputParser |  
            +-------------------------------+                            +--------------------------------+  
                                       *****                         ******                                  
                                            ***                ******                                        
                                               ***         ****                                              
                                    +--------------------------------+                                       
                                    | Parallel<as_list,as_str>Output |                                       
                                    +--------------------------------+                                       
  '''
# ---
# name: test_graph_single_runnable
  '''
  +----------------------+   
  | StrOutputParserInput |   
  +----------------------+   
              *              
              *              
              *              
     +-----------------+     
     | StrOutputParser |     
     +-----------------+     
              *              
              *              
              *              
  +-----------------------+  
  | StrOutputParserOutput |  
  +-----------------------+  
  '''
# ---
