# serializer version: 1
# name: test_schemas
  dict({
    'anyOf': list([
      dict({
        'type': 'string',
      }),
      dict({
        '$ref': '#/definitions/StringPromptValue',
      }),
      dict({
        '$ref': '#/definitions/ChatPromptValueConcrete',
      }),
      dict({
        'items': dict({
          'anyOf': list([
            dict({
              '$ref': '#/definitions/AIMessage',
            }),
            dict({
              '$ref': '#/definitions/HumanMessage',
            }),
            dict({
              '$ref': '#/definitions/ChatMessage',
            }),
            dict({
              '$ref': '#/definitions/SystemMessage',
            }),
            dict({
              '$ref': '#/definitions/FunctionMessage',
            }),
            dict({
              '$ref': '#/definitions/ToolMessage',
            }),
          ]),
        }),
        'type': 'array',
      }),
    ]),
    'definitions': dict({
      'AIMessage': dict({
        'description': 'Message from an AI.',
        'properties': dict({
          'additional_kwargs': dict({
            'title': 'Additional Kwargs',
            'type': 'object',
          }),
          'content': dict({
            'anyOf': list([
              dict({
                'type': 'string',
              }),
              dict({
                'items': dict({
                  'anyOf': list([
                    dict({
                      'type': 'string',
                    }),
                    dict({
                      'type': 'object',
                    }),
                  ]),
                }),
                'type': 'array',
              }),
            ]),
            'title': 'Content',
          }),
          'example': dict({
            'default': False,
            'title': 'Example',
            'type': 'boolean',
          }),
          'id': dict({
            'title': 'Id',
            'type': 'string',
          }),
          'name': dict({
            'title': 'Name',
            'type': 'string',
          }),
          'response_metadata': dict({
            'title': 'Response Metadata',
            'type': 'object',
          }),
          'type': dict({
            'default': 'ai',
            'enum': list([
              'ai',
            ]),
            'title': 'Type',
            'type': 'string',
          }),
        }),
        'required': list([
          'content',
        ]),
        'title': 'AIMessage',
        'type': 'object',
      }),
      'ChatMessage': dict({
        'description': 'Message that can be assigned an arbitrary speaker (i.e. role).',
        'properties': dict({
          'additional_kwargs': dict({
            'title': 'Additional Kwargs',
            'type': 'object',
          }),
          'content': dict({
            'anyOf': list([
              dict({
                'type': 'string',
              }),
              dict({
                'items': dict({
                  'anyOf': list([
                    dict({
                      'type': 'string',
                    }),
                    dict({
                      'type': 'object',
                    }),
                  ]),
                }),
                'type': 'array',
              }),
            ]),
            'title': 'Content',
          }),
          'id': dict({
            'title': 'Id',
            'type': 'string',
          }),
          'name': dict({
            'title': 'Name',
            'type': 'string',
          }),
          'response_metadata': dict({
            'title': 'Response Metadata',
            'type': 'object',
          }),
          'role': dict({
            'title': 'Role',
            'type': 'string',
          }),
          'type': dict({
            'default': 'chat',
            'enum': list([
              'chat',
            ]),
            'title': 'Type',
            'type': 'string',
          }),
        }),
        'required': list([
          'content',
          'role',
        ]),
        'title': 'ChatMessage',
        'type': 'object',
      }),
      'ChatPromptValueConcrete': dict({
        'description': '''
          Chat prompt value which explicitly lists out the message types it accepts.
          For use in external schemas.
        ''',
        'properties': dict({
          'messages': dict({
            'items': dict({
              'anyOf': list([
                dict({
                  '$ref': '#/definitions/AIMessage',
                }),
                dict({
                  '$ref': '#/definitions/HumanMessage',
                }),
                dict({
                  '$ref': '#/definitions/ChatMessage',
                }),
                dict({
                  '$ref': '#/definitions/SystemMessage',
                }),
                dict({
                  '$ref': '#/definitions/FunctionMessage',
                }),
                dict({
                  '$ref': '#/definitions/ToolMessage',
                }),
              ]),
            }),
            'title': 'Messages',
            'type': 'array',
          }),
          'type': dict({
            'default': 'ChatPromptValueConcrete',
            'enum': list([
              'ChatPromptValueConcrete',
            ]),
            'title': 'Type',
            'type': 'string',
          }),
        }),
        'required': list([
          'messages',
        ]),
        'title': 'ChatPromptValueConcrete',
        'type': 'object',
      }),
      'FunctionMessage': dict({
        'description': 'Message for passing the result of executing a function back to a model.',
        'properties': dict({
          'additional_kwargs': dict({
            'title': 'Additional Kwargs',
            'type': 'object',
          }),
          'content': dict({
            'anyOf': list([
              dict({
                'type': 'string',
              }),
              dict({
                'items': dict({
                  'anyOf': list([
                    dict({
                      'type': 'string',
                    }),
                    dict({
                      'type': 'object',
                    }),
                  ]),
                }),
                'type': 'array',
              }),
            ]),
            'title': 'Content',
          }),
          'id': dict({
            'title': 'Id',
            'type': 'string',
          }),
          'name': dict({
            'title': 'Name',
            'type': 'string',
          }),
          'response_metadata': dict({
            'title': 'Response Metadata',
            'type': 'object',
          }),
          'type': dict({
            'default': 'function',
            'enum': list([
              'function',
            ]),
            'title': 'Type',
            'type': 'string',
          }),
        }),
        'required': list([
          'content',
          'name',
        ]),
        'title': 'FunctionMessage',
        'type': 'object',
      }),
      'HumanMessage': dict({
        'description': 'Message from a human.',
        'properties': dict({
          'additional_kwargs': dict({
            'title': 'Additional Kwargs',
            'type': 'object',
          }),
          'content': dict({
            'anyOf': list([
              dict({
                'type': 'string',
              }),
              dict({
                'items': dict({
                  'anyOf': list([
                    dict({
                      'type': 'string',
                    }),
                    dict({
                      'type': 'object',
                    }),
                  ]),
                }),
                'type': 'array',
              }),
            ]),
            'title': 'Content',
          }),
          'example': dict({
            'default': False,
            'title': 'Example',
            'type': 'boolean',
          }),
          'id': dict({
            'title': 'Id',
            'type': 'string',
          }),
          'name': dict({
            'title': 'Name',
            'type': 'string',
          }),
          'response_metadata': dict({
            'title': 'Response Metadata',
            'type': 'object',
          }),
          'type': dict({
            'default': 'human',
            'enum': list([
              'human',
            ]),
            'title': 'Type',
            'type': 'string',
          }),
        }),
        'required': list([
          'content',
        ]),
        'title': 'HumanMessage',
        'type': 'object',
      }),
      'StringPromptValue': dict({
        'description': 'String prompt value.',
        'properties': dict({
          'text': dict({
            'title': 'Text',
            'type': 'string',
          }),
          'type': dict({
            'default': 'StringPromptValue',
            'enum': list([
              'StringPromptValue',
            ]),
            'title': 'Type',
            'type': 'string',
          }),
        }),
        'required': list([
          'text',
        ]),
        'title': 'StringPromptValue',
        'type': 'object',
      }),
      'SystemMessage': dict({
        'description': '''
          Message for priming AI behavior, usually passed in as the first of a sequence
          of input messages.
        ''',
        'properties': dict({
          'additional_kwargs': dict({
            'title': 'Additional Kwargs',
            'type': 'object',
          }),
          'content': dict({
            'anyOf': list([
              dict({
                'type': 'string',
              }),
              dict({
                'items': dict({
                  'anyOf': list([
                    dict({
                      'type': 'string',
                    }),
                    dict({
                      'type': 'object',
                    }),
                  ]),
                }),
                'type': 'array',
              }),
            ]),
            'title': 'Content',
          }),
          'id': dict({
            'title': 'Id',
            'type': 'string',
          }),
          'name': dict({
            'title': 'Name',
            'type': 'string',
          }),
          'response_metadata': dict({
            'title': 'Response Metadata',
            'type': 'object',
          }),
          'type': dict({
            'default': 'system',
            'enum': list([
              'system',
            ]),
            'title': 'Type',
            'type': 'string',
          }),
        }),
        'required': list([
          'content',
        ]),
        'title': 'SystemMessage',
        'type': 'object',
      }),
      'ToolMessage': dict({
        'description': 'Message for passing the result of executing a tool back to a model.',
        'properties': dict({
          'additional_kwargs': dict({
            'title': 'Additional Kwargs',
            'type': 'object',
          }),
          'content': dict({
            'anyOf': list([
              dict({
                'type': 'string',
              }),
              dict({
                'items': dict({
                  'anyOf': list([
                    dict({
                      'type': 'string',
                    }),
                    dict({
                      'type': 'object',
                    }),
                  ]),
                }),
                'type': 'array',
              }),
            ]),
            'title': 'Content',
          }),
          'id': dict({
            'title': 'Id',
            'type': 'string',
          }),
          'name': dict({
            'title': 'Name',
            'type': 'string',
          }),
          'response_metadata': dict({
            'title': 'Response Metadata',
            'type': 'object',
          }),
          'tool_call_id': dict({
            'title': 'Tool Call Id',
            'type': 'string',
          }),
          'type': dict({
            'default': 'tool',
            'enum': list([
              'tool',
            ]),
            'title': 'Type',
            'type': 'string',
          }),
        }),
        'required': list([
          'content',
          'tool_call_id',
        ]),
        'title': 'ToolMessage',
        'type': 'object',
      }),
    }),
    'title': 'FakeListLLMInput',
  })
# ---
# name: test_schemas.1
  dict({
    'anyOf': list([
      dict({
        'type': 'string',
      }),
      dict({
        '$ref': '#/definitions/StringPromptValue',
      }),
      dict({
        '$ref': '#/definitions/ChatPromptValueConcrete',
      }),
      dict({
        'items': dict({
          'anyOf': list([
            dict({
              '$ref': '#/definitions/AIMessage',
            }),
            dict({
              '$ref': '#/definitions/HumanMessage',
            }),
            dict({
              '$ref': '#/definitions/ChatMessage',
            }),
            dict({
              '$ref': '#/definitions/SystemMessage',
            }),
            dict({
              '$ref': '#/definitions/FunctionMessage',
            }),
            dict({
              '$ref': '#/definitions/ToolMessage',
            }),
          ]),
        }),
        'type': 'array',
      }),
    ]),
    'definitions': dict({
      'AIMessage': dict({
        'description': 'Message from an AI.',
        'properties': dict({
          'additional_kwargs': dict({
            'title': 'Additional Kwargs',
            'type': 'object',
          }),
          'content': dict({
            'anyOf': list([
              dict({
                'type': 'string',
              }),
              dict({
                'items': dict({
                  'anyOf': list([
                    dict({
                      'type': 'string',
                    }),
                    dict({
                      'type': 'object',
                    }),
                  ]),
                }),
                'type': 'array',
              }),
            ]),
            'title': 'Content',
          }),
          'example': dict({
            'default': False,
            'title': 'Example',
            'type': 'boolean',
          }),
          'id': dict({
            'title': 'Id',
            'type': 'string',
          }),
          'name': dict({
            'title': 'Name',
            'type': 'string',
          }),
          'response_metadata': dict({
            'title': 'Response Metadata',
            'type': 'object',
          }),
          'type': dict({
            'default': 'ai',
            'enum': list([
              'ai',
            ]),
            'title': 'Type',
            'type': 'string',
          }),
        }),
        'required': list([
          'content',
        ]),
        'title': 'AIMessage',
        'type': 'object',
      }),
      'ChatMessage': dict({
        'description': 'Message that can be assigned an arbitrary speaker (i.e. role).',
        'properties': dict({
          'additional_kwargs': dict({
            'title': 'Additional Kwargs',
            'type': 'object',
          }),
          'content': dict({
            'anyOf': list([
              dict({
                'type': 'string',
              }),
              dict({
                'items': dict({
                  'anyOf': list([
                    dict({
                      'type': 'string',
                    }),
                    dict({
                      'type': 'object',
                    }),
                  ]),
                }),
                'type': 'array',
              }),
            ]),
            'title': 'Content',
          }),
          'id': dict({
            'title': 'Id',
            'type': 'string',
          }),
          'name': dict({
            'title': 'Name',
            'type': 'string',
          }),
          'response_metadata': dict({
            'title': 'Response Metadata',
            'type': 'object',
          }),
          'role': dict({
            'title': 'Role',
            'type': 'string',
          }),
          'type': dict({
            'default': 'chat',
            'enum': list([
              'chat',
            ]),
            'title': 'Type',
            'type': 'string',
          }),
        }),
        'required': list([
          'content',
          'role',
        ]),
        'title': 'ChatMessage',
        'type': 'object',
      }),
      'ChatPromptValueConcrete': dict({
        'description': '''
          Chat prompt value which explicitly lists out the message types it accepts.
          For use in external schemas.
        ''',
        'properties': dict({
          'messages': dict({
            'items': dict({
              'anyOf': list([
                dict({
                  '$ref': '#/definitions/AIMessage',
                }),
                dict({
                  '$ref': '#/definitions/HumanMessage',
                }),
                dict({
                  '$ref': '#/definitions/ChatMessage',
                }),
                dict({
                  '$ref': '#/definitions/SystemMessage',
                }),
                dict({
                  '$ref': '#/definitions/FunctionMessage',
                }),
                dict({
                  '$ref': '#/definitions/ToolMessage',
                }),
              ]),
            }),
            'title': 'Messages',
            'type': 'array',
          }),
          'type': dict({
            'default': 'ChatPromptValueConcrete',
            'enum': list([
              'ChatPromptValueConcrete',
            ]),
            'title': 'Type',
            'type': 'string',
          }),
        }),
        'required': list([
          'messages',
        ]),
        'title': 'ChatPromptValueConcrete',
        'type': 'object',
      }),
      'FunctionMessage': dict({
        'description': 'Message for passing the result of executing a function back to a model.',
        'properties': dict({
          'additional_kwargs': dict({
            'title': 'Additional Kwargs',
            'type': 'object',
          }),
          'content': dict({
            'anyOf': list([
              dict({
                'type': 'string',
              }),
              dict({
                'items': dict({
                  'anyOf': list([
                    dict({
                      'type': 'string',
                    }),
                    dict({
                      'type': 'object',
                    }),
                  ]),
                }),
                'type': 'array',
              }),
            ]),
            'title': 'Content',
          }),
          'id': dict({
            'title': 'Id',
            'type': 'string',
          }),
          'name': dict({
            'title': 'Name',
            'type': 'string',
          }),
          'response_metadata': dict({
            'title': 'Response Metadata',
            'type': 'object',
          }),
          'type': dict({
            'default': 'function',
            'enum': list([
              'function',
            ]),
            'title': 'Type',
            'type': 'string',
          }),
        }),
        'required': list([
          'content',
          'name',
        ]),
        'title': 'FunctionMessage',
        'type': 'object',
      }),
      'HumanMessage': dict({
        'description': 'Message from a human.',
        'properties': dict({
          'additional_kwargs': dict({
            'title': 'Additional Kwargs',
            'type': 'object',
          }),
          'content': dict({
            'anyOf': list([
              dict({
                'type': 'string',
              }),
              dict({
                'items': dict({
                  'anyOf': list([
                    dict({
                      'type': 'string',
                    }),
                    dict({
                      'type': 'object',
                    }),
                  ]),
                }),
                'type': 'array',
              }),
            ]),
            'title': 'Content',
          }),
          'example': dict({
            'default': False,
            'title': 'Example',
            'type': 'boolean',
          }),
          'id': dict({
            'title': 'Id',
            'type': 'string',
          }),
          'name': dict({
            'title': 'Name',
            'type': 'string',
          }),
          'response_metadata': dict({
            'title': 'Response Metadata',
            'type': 'object',
          }),
          'type': dict({
            'default': 'human',
            'enum': list([
              'human',
            ]),
            'title': 'Type',
            'type': 'string',
          }),
        }),
        'required': list([
          'content',
        ]),
        'title': 'HumanMessage',
        'type': 'object',
      }),
      'StringPromptValue': dict({
        'description': 'String prompt value.',
        'properties': dict({
          'text': dict({
            'title': 'Text',
            'type': 'string',
          }),
          'type': dict({
            'default': 'StringPromptValue',
            'enum': list([
              'StringPromptValue',
            ]),
            'title': 'Type',
            'type': 'string',
          }),
        }),
        'required': list([
          'text',
        ]),
        'title': 'StringPromptValue',
        'type': 'object',
      }),
      'SystemMessage': dict({
        'description': '''
          Message for priming AI behavior, usually passed in as the first of a sequence
          of input messages.
        ''',
        'properties': dict({
          'additional_kwargs': dict({
            'title': 'Additional Kwargs',
            'type': 'object',
          }),
          'content': dict({
            'anyOf': list([
              dict({
                'type': 'string',
              }),
              dict({
                'items': dict({
                  'anyOf': list([
                    dict({
                      'type': 'string',
                    }),
                    dict({
                      'type': 'object',
                    }),
                  ]),
                }),
                'type': 'array',
              }),
            ]),
            'title': 'Content',
          }),
          'id': dict({
            'title': 'Id',
            'type': 'string',
          }),
          'name': dict({
            'title': 'Name',
            'type': 'string',
          }),
          'response_metadata': dict({
            'title': 'Response Metadata',
            'type': 'object',
          }),
          'type': dict({
            'default': 'system',
            'enum': list([
              'system',
            ]),
            'title': 'Type',
            'type': 'string',
          }),
        }),
        'required': list([
          'content',
        ]),
        'title': 'SystemMessage',
        'type': 'object',
      }),
      'ToolMessage': dict({
        'description': 'Message for passing the result of executing a tool back to a model.',
        'properties': dict({
          'additional_kwargs': dict({
            'title': 'Additional Kwargs',
            'type': 'object',
          }),
          'content': dict({
            'anyOf': list([
              dict({
                'type': 'string',
              }),
              dict({
                'items': dict({
                  'anyOf': list([
                    dict({
                      'type': 'string',
                    }),
                    dict({
                      'type': 'object',
                    }),
                  ]),
                }),
                'type': 'array',
              }),
            ]),
            'title': 'Content',
          }),
          'id': dict({
            'title': 'Id',
            'type': 'string',
          }),
          'name': dict({
            'title': 'Name',
            'type': 'string',
          }),
          'response_metadata': dict({
            'title': 'Response Metadata',
            'type': 'object',
          }),
          'tool_call_id': dict({
            'title': 'Tool Call Id',
            'type': 'string',
          }),
          'type': dict({
            'default': 'tool',
            'enum': list([
              'tool',
            ]),
            'title': 'Type',
            'type': 'string',
          }),
        }),
        'required': list([
          'content',
          'tool_call_id',
        ]),
        'title': 'ToolMessage',
        'type': 'object',
      }),
    }),
    'title': 'FakeListChatModelInput',
  })
# ---
# name: test_schemas.2
  dict({
    'anyOf': list([
      dict({
        '$ref': '#/definitions/AIMessage',
      }),
      dict({
        '$ref': '#/definitions/HumanMessage',
      }),
      dict({
        '$ref': '#/definitions/ChatMessage',
      }),
      dict({
        '$ref': '#/definitions/SystemMessage',
      }),
      dict({
        '$ref': '#/definitions/FunctionMessage',
      }),
      dict({
        '$ref': '#/definitions/ToolMessage',
      }),
    ]),
    'definitions': dict({
      'AIMessage': dict({
        'description': 'Message from an AI.',
        'properties': dict({
          'additional_kwargs': dict({
            'title': 'Additional Kwargs',
            'type': 'object',
          }),
          'content': dict({
            'anyOf': list([
              dict({
                'type': 'string',
              }),
              dict({
                'items': dict({
                  'anyOf': list([
                    dict({
                      'type': 'string',
                    }),
                    dict({
                      'type': 'object',
                    }),
                  ]),
                }),
                'type': 'array',
              }),
            ]),
            'title': 'Content',
          }),
          'example': dict({
            'default': False,
            'title': 'Example',
            'type': 'boolean',
          }),
          'id': dict({
            'title': 'Id',
            'type': 'string',
          }),
          'name': dict({
            'title': 'Name',
            'type': 'string',
          }),
          'response_metadata': dict({
            'title': 'Response Metadata',
            'type': 'object',
          }),
          'type': dict({
            'default': 'ai',
            'enum': list([
              'ai',
            ]),
            'title': 'Type',
            'type': 'string',
          }),
        }),
        'required': list([
          'content',
        ]),
        'title': 'AIMessage',
        'type': 'object',
      }),
      'ChatMessage': dict({
        'description': 'Message that can be assigned an arbitrary speaker (i.e. role).',
        'properties': dict({
          'additional_kwargs': dict({
            'title': 'Additional Kwargs',
            'type': 'object',
          }),
          'content': dict({
            'anyOf': list([
              dict({
                'type': 'string',
              }),
              dict({
                'items': dict({
                  'anyOf': list([
                    dict({
                      'type': 'string',
                    }),
                    dict({
                      'type': 'object',
                    }),
                  ]),
                }),
                'type': 'array',
              }),
            ]),
            'title': 'Content',
          }),
          'id': dict({
            'title': 'Id',
            'type': 'string',
          }),
          'name': dict({
            'title': 'Name',
            'type': 'string',
          }),
          'response_metadata': dict({
            'title': 'Response Metadata',
            'type': 'object',
          }),
          'role': dict({
            'title': 'Role',
            'type': 'string',
          }),
          'type': dict({
            'default': 'chat',
            'enum': list([
              'chat',
            ]),
            'title': 'Type',
            'type': 'string',
          }),
        }),
        'required': list([
          'content',
          'role',
        ]),
        'title': 'ChatMessage',
        'type': 'object',
      }),
      'FunctionMessage': dict({
        'description': 'Message for passing the result of executing a function back to a model.',
        'properties': dict({
          'additional_kwargs': dict({
            'title': 'Additional Kwargs',
            'type': 'object',
          }),
          'content': dict({
            'anyOf': list([
              dict({
                'type': 'string',
              }),
              dict({
                'items': dict({
                  'anyOf': list([
                    dict({
                      'type': 'string',
                    }),
                    dict({
                      'type': 'object',
                    }),
                  ]),
                }),
                'type': 'array',
              }),
            ]),
            'title': 'Content',
          }),
          'id': dict({
            'title': 'Id',
            'type': 'string',
          }),
          'name': dict({
            'title': 'Name',
            'type': 'string',
          }),
          'response_metadata': dict({
            'title': 'Response Metadata',
            'type': 'object',
          }),
          'type': dict({
            'default': 'function',
            'enum': list([
              'function',
            ]),
            'title': 'Type',
            'type': 'string',
          }),
        }),
        'required': list([
          'content',
          'name',
        ]),
        'title': 'FunctionMessage',
        'type': 'object',
      }),
      'HumanMessage': dict({
        'description': 'Message from a human.',
        'properties': dict({
          'additional_kwargs': dict({
            'title': 'Additional Kwargs',
            'type': 'object',
          }),
          'content': dict({
            'anyOf': list([
              dict({
                'type': 'string',
              }),
              dict({
                'items': dict({
                  'anyOf': list([
                    dict({
                      'type': 'string',
                    }),
                    dict({
                      'type': 'object',
                    }),
                  ]),
                }),
                'type': 'array',
              }),
            ]),
            'title': 'Content',
          }),
          'example': dict({
            'default': False,
            'title': 'Example',
            'type': 'boolean',
          }),
          'id': dict({
            'title': 'Id',
            'type': 'string',
          }),
          'name': dict({
            'title': 'Name',
            'type': 'string',
          }),
          'response_metadata': dict({
            'title': 'Response Metadata',
            'type': 'object',
          }),
          'type': dict({
            'default': 'human',
            'enum': list([
              'human',
            ]),
            'title': 'Type',
            'type': 'string',
          }),
        }),
        'required': list([
          'content',
        ]),
        'title': 'HumanMessage',
        'type': 'object',
      }),
      'SystemMessage': dict({
        'description': '''
          Message for priming AI behavior, usually passed in as the first of a sequence
          of input messages.
        ''',
        'properties': dict({
          'additional_kwargs': dict({
            'title': 'Additional Kwargs',
            'type': 'object',
          }),
          'content': dict({
            'anyOf': list([
              dict({
                'type': 'string',
              }),
              dict({
                'items': dict({
                  'anyOf': list([
                    dict({
                      'type': 'string',
                    }),
                    dict({
                      'type': 'object',
                    }),
                  ]),
                }),
                'type': 'array',
              }),
            ]),
            'title': 'Content',
          }),
          'id': dict({
            'title': 'Id',
            'type': 'string',
          }),
          'name': dict({
            'title': 'Name',
            'type': 'string',
          }),
          'response_metadata': dict({
            'title': 'Response Metadata',
            'type': 'object',
          }),
          'type': dict({
            'default': 'system',
            'enum': list([
              'system',
            ]),
            'title': 'Type',
            'type': 'string',
          }),
        }),
        'required': list([
          'content',
        ]),
        'title': 'SystemMessage',
        'type': 'object',
      }),
      'ToolMessage': dict({
        'description': 'Message for passing the result of executing a tool back to a model.',
        'properties': dict({
          'additional_kwargs': dict({
            'title': 'Additional Kwargs',
            'type': 'object',
          }),
          'content': dict({
            'anyOf': list([
              dict({
                'type': 'string',
              }),
              dict({
                'items': dict({
                  'anyOf': list([
                    dict({
                      'type': 'string',
                    }),
                    dict({
                      'type': 'object',
                    }),
                  ]),
                }),
                'type': 'array',
              }),
            ]),
            'title': 'Content',
          }),
          'id': dict({
            'title': 'Id',
            'type': 'string',
          }),
          'name': dict({
            'title': 'Name',
            'type': 'string',
          }),
          'response_metadata': dict({
            'title': 'Response Metadata',
            'type': 'object',
          }),
          'tool_call_id': dict({
            'title': 'Tool Call Id',
            'type': 'string',
          }),
          'type': dict({
            'default': 'tool',
            'enum': list([
              'tool',
            ]),
            'title': 'Type',
            'type': 'string',
          }),
        }),
        'required': list([
          'content',
          'tool_call_id',
        ]),
        'title': 'ToolMessage',
        'type': 'object',
      }),
    }),
    'title': 'FakeListChatModelOutput',
  })
# ---
# name: test_schemas.3
  dict({
    'anyOf': list([
      dict({
        '$ref': '#/definitions/StringPromptValue',
      }),
      dict({
        '$ref': '#/definitions/ChatPromptValueConcrete',
      }),
    ]),
    'definitions': dict({
      'AIMessage': dict({
        'description': 'Message from an AI.',
        'properties': dict({
          'additional_kwargs': dict({
            'title': 'Additional Kwargs',
            'type': 'object',
          }),
          'content': dict({
            'anyOf': list([
              dict({
                'type': 'string',
              }),
              dict({
                'items': dict({
                  'anyOf': list([
                    dict({
                      'type': 'string',
                    }),
                    dict({
                      'type': 'object',
                    }),
                  ]),
                }),
                'type': 'array',
              }),
            ]),
            'title': 'Content',
          }),
          'example': dict({
            'default': False,
            'title': 'Example',
            'type': 'boolean',
          }),
          'id': dict({
            'title': 'Id',
            'type': 'string',
          }),
          'name': dict({
            'title': 'Name',
            'type': 'string',
          }),
          'response_metadata': dict({
            'title': 'Response Metadata',
            'type': 'object',
          }),
          'type': dict({
            'default': 'ai',
            'enum': list([
              'ai',
            ]),
            'title': 'Type',
            'type': 'string',
          }),
        }),
        'required': list([
          'content',
        ]),
        'title': 'AIMessage',
        'type': 'object',
      }),
      'ChatMessage': dict({
        'description': 'Message that can be assigned an arbitrary speaker (i.e. role).',
        'properties': dict({
          'additional_kwargs': dict({
            'title': 'Additional Kwargs',
            'type': 'object',
          }),
          'content': dict({
            'anyOf': list([
              dict({
                'type': 'string',
              }),
              dict({
                'items': dict({
                  'anyOf': list([
                    dict({
                      'type': 'string',
                    }),
                    dict({
                      'type': 'object',
                    }),
                  ]),
                }),
                'type': 'array',
              }),
            ]),
            'title': 'Content',
          }),
          'id': dict({
            'title': 'Id',
            'type': 'string',
          }),
          'name': dict({
            'title': 'Name',
            'type': 'string',
          }),
          'response_metadata': dict({
            'title': 'Response Metadata',
            'type': 'object',
          }),
          'role': dict({
            'title': 'Role',
            'type': 'string',
          }),
          'type': dict({
            'default': 'chat',
            'enum': list([
              'chat',
            ]),
            'title': 'Type',
            'type': 'string',
          }),
        }),
        'required': list([
          'content',
          'role',
        ]),
        'title': 'ChatMessage',
        'type': 'object',
      }),
      'ChatPromptValueConcrete': dict({
        'description': '''
          Chat prompt value which explicitly lists out the message types it accepts.
          For use in external schemas.
        ''',
        'properties': dict({
          'messages': dict({
            'items': dict({
              'anyOf': list([
                dict({
                  '$ref': '#/definitions/AIMessage',
                }),
                dict({
                  '$ref': '#/definitions/HumanMessage',
                }),
                dict({
                  '$ref': '#/definitions/ChatMessage',
                }),
                dict({
                  '$ref': '#/definitions/SystemMessage',
                }),
                dict({
                  '$ref': '#/definitions/FunctionMessage',
                }),
                dict({
                  '$ref': '#/definitions/ToolMessage',
                }),
              ]),
            }),
            'title': 'Messages',
            'type': 'array',
          }),
          'type': dict({
            'default': 'ChatPromptValueConcrete',
            'enum': list([
              'ChatPromptValueConcrete',
            ]),
            'title': 'Type',
            'type': 'string',
          }),
        }),
        'required': list([
          'messages',
        ]),
        'title': 'ChatPromptValueConcrete',
        'type': 'object',
      }),
      'FunctionMessage': dict({
        'description': 'Message for passing the result of executing a function back to a model.',
        'properties': dict({
          'additional_kwargs': dict({
            'title': 'Additional Kwargs',
            'type': 'object',
          }),
          'content': dict({
            'anyOf': list([
              dict({
                'type': 'string',
              }),
              dict({
                'items': dict({
                  'anyOf': list([
                    dict({
                      'type': 'string',
                    }),
                    dict({
                      'type': 'object',
                    }),
                  ]),
                }),
                'type': 'array',
              }),
            ]),
            'title': 'Content',
          }),
          'id': dict({
            'title': 'Id',
            'type': 'string',
          }),
          'name': dict({
            'title': 'Name',
            'type': 'string',
          }),
          'response_metadata': dict({
            'title': 'Response Metadata',
            'type': 'object',
          }),
          'type': dict({
            'default': 'function',
            'enum': list([
              'function',
            ]),
            'title': 'Type',
            'type': 'string',
          }),
        }),
        'required': list([
          'content',
          'name',
        ]),
        'title': 'FunctionMessage',
        'type': 'object',
      }),
      'HumanMessage': dict({
        'description': 'Message from a human.',
        'properties': dict({
          'additional_kwargs': dict({
            'title': 'Additional Kwargs',
            'type': 'object',
          }),
          'content': dict({
            'anyOf': list([
              dict({
                'type': 'string',
              }),
              dict({
                'items': dict({
                  'anyOf': list([
                    dict({
                      'type': 'string',
                    }),
                    dict({
                      'type': 'object',
                    }),
                  ]),
                }),
                'type': 'array',
              }),
            ]),
            'title': 'Content',
          }),
          'example': dict({
            'default': False,
            'title': 'Example',
            'type': 'boolean',
          }),
          'id': dict({
            'title': 'Id',
            'type': 'string',
          }),
          'name': dict({
            'title': 'Name',
            'type': 'string',
          }),
          'response_metadata': dict({
            'title': 'Response Metadata',
            'type': 'object',
          }),
          'type': dict({
            'default': 'human',
            'enum': list([
              'human',
            ]),
            'title': 'Type',
            'type': 'string',
          }),
        }),
        'required': list([
          'content',
        ]),
        'title': 'HumanMessage',
        'type': 'object',
      }),
      'StringPromptValue': dict({
        'description': 'String prompt value.',
        'properties': dict({
          'text': dict({
            'title': 'Text',
            'type': 'string',
          }),
          'type': dict({
            'default': 'StringPromptValue',
            'enum': list([
              'StringPromptValue',
            ]),
            'title': 'Type',
            'type': 'string',
          }),
        }),
        'required': list([
          'text',
        ]),
        'title': 'StringPromptValue',
        'type': 'object',
      }),
      'SystemMessage': dict({
        'description': '''
          Message for priming AI behavior, usually passed in as the first of a sequence
          of input messages.
        ''',
        'properties': dict({
          'additional_kwargs': dict({
            'title': 'Additional Kwargs',
            'type': 'object',
          }),
          'content': dict({
            'anyOf': list([
              dict({
                'type': 'string',
              }),
              dict({
                'items': dict({
                  'anyOf': list([
                    dict({
                      'type': 'string',
                    }),
                    dict({
                      'type': 'object',
                    }),
                  ]),
                }),
                'type': 'array',
              }),
            ]),
            'title': 'Content',
          }),
          'id': dict({
            'title': 'Id',
            'type': 'string',
          }),
          'name': dict({
            'title': 'Name',
            'type': 'string',
          }),
          'response_metadata': dict({
            'title': 'Response Metadata',
            'type': 'object',
          }),
          'type': dict({
            'default': 'system',
            'enum': list([
              'system',
            ]),
            'title': 'Type',
            'type': 'string',
          }),
        }),
        'required': list([
          'content',
        ]),
        'title': 'SystemMessage',
        'type': 'object',
      }),
      'ToolMessage': dict({
        'description': 'Message for passing the result of executing a tool back to a model.',
        'properties': dict({
          'additional_kwargs': dict({
            'title': 'Additional Kwargs',
            'type': 'object',
          }),
          'content': dict({
            'anyOf': list([
              dict({
                'type': 'string',
              }),
              dict({
                'items': dict({
                  'anyOf': list([
                    dict({
                      'type': 'string',
                    }),
                    dict({
                      'type': 'object',
                    }),
                  ]),
                }),
                'type': 'array',
              }),
            ]),
            'title': 'Content',
          }),
          'id': dict({
            'title': 'Id',
            'type': 'string',
          }),
          'name': dict({
            'title': 'Name',
            'type': 'string',
          }),
          'response_metadata': dict({
            'title': 'Response Metadata',
            'type': 'object',
          }),
          'tool_call_id': dict({
            'title': 'Tool Call Id',
            'type': 'string',
          }),
          'type': dict({
            'default': 'tool',
            'enum': list([
              'tool',
            ]),
            'title': 'Type',
            'type': 'string',
          }),
        }),
        'required': list([
          'content',
          'tool_call_id',
        ]),
        'title': 'ToolMessage',
        'type': 'object',
      }),
    }),
    'title': 'ChatPromptTemplateOutput',
  })
# ---
# name: test_schemas.4
  dict({
    'anyOf': list([
      dict({
        '$ref': '#/definitions/StringPromptValue',
      }),
      dict({
        '$ref': '#/definitions/ChatPromptValueConcrete',
      }),
    ]),
    'definitions': dict({
      'AIMessage': dict({
        'description': 'Message from an AI.',
        'properties': dict({
          'additional_kwargs': dict({
            'title': 'Additional Kwargs',
            'type': 'object',
          }),
          'content': dict({
            'anyOf': list([
              dict({
                'type': 'string',
              }),
              dict({
                'items': dict({
                  'anyOf': list([
                    dict({
                      'type': 'string',
                    }),
                    dict({
                      'type': 'object',
                    }),
                  ]),
                }),
                'type': 'array',
              }),
            ]),
            'title': 'Content',
          }),
          'example': dict({
            'default': False,
            'title': 'Example',
            'type': 'boolean',
          }),
          'id': dict({
            'title': 'Id',
            'type': 'string',
          }),
          'name': dict({
            'title': 'Name',
            'type': 'string',
          }),
          'response_metadata': dict({
            'title': 'Response Metadata',
            'type': 'object',
          }),
          'type': dict({
            'default': 'ai',
            'enum': list([
              'ai',
            ]),
            'title': 'Type',
            'type': 'string',
          }),
        }),
        'required': list([
          'content',
        ]),
        'title': 'AIMessage',
        'type': 'object',
      }),
      'ChatMessage': dict({
        'description': 'Message that can be assigned an arbitrary speaker (i.e. role).',
        'properties': dict({
          'additional_kwargs': dict({
            'title': 'Additional Kwargs',
            'type': 'object',
          }),
          'content': dict({
            'anyOf': list([
              dict({
                'type': 'string',
              }),
              dict({
                'items': dict({
                  'anyOf': list([
                    dict({
                      'type': 'string',
                    }),
                    dict({
                      'type': 'object',
                    }),
                  ]),
                }),
                'type': 'array',
              }),
            ]),
            'title': 'Content',
          }),
          'id': dict({
            'title': 'Id',
            'type': 'string',
          }),
          'name': dict({
            'title': 'Name',
            'type': 'string',
          }),
          'response_metadata': dict({
            'title': 'Response Metadata',
            'type': 'object',
          }),
          'role': dict({
            'title': 'Role',
            'type': 'string',
          }),
          'type': dict({
            'default': 'chat',
            'enum': list([
              'chat',
            ]),
            'title': 'Type',
            'type': 'string',
          }),
        }),
        'required': list([
          'content',
          'role',
        ]),
        'title': 'ChatMessage',
        'type': 'object',
      }),
      'ChatPromptValueConcrete': dict({
        'description': '''
          Chat prompt value which explicitly lists out the message types it accepts.
          For use in external schemas.
        ''',
        'properties': dict({
          'messages': dict({
            'items': dict({
              'anyOf': list([
                dict({
                  '$ref': '#/definitions/AIMessage',
                }),
                dict({
                  '$ref': '#/definitions/HumanMessage',
                }),
                dict({
                  '$ref': '#/definitions/ChatMessage',
                }),
                dict({
                  '$ref': '#/definitions/SystemMessage',
                }),
                dict({
                  '$ref': '#/definitions/FunctionMessage',
                }),
                dict({
                  '$ref': '#/definitions/ToolMessage',
                }),
              ]),
            }),
            'title': 'Messages',
            'type': 'array',
          }),
          'type': dict({
            'default': 'ChatPromptValueConcrete',
            'enum': list([
              'ChatPromptValueConcrete',
            ]),
            'title': 'Type',
            'type': 'string',
          }),
        }),
        'required': list([
          'messages',
        ]),
        'title': 'ChatPromptValueConcrete',
        'type': 'object',
      }),
      'FunctionMessage': dict({
        'description': 'Message for passing the result of executing a function back to a model.',
        'properties': dict({
          'additional_kwargs': dict({
            'title': 'Additional Kwargs',
            'type': 'object',
          }),
          'content': dict({
            'anyOf': list([
              dict({
                'type': 'string',
              }),
              dict({
                'items': dict({
                  'anyOf': list([
                    dict({
                      'type': 'string',
                    }),
                    dict({
                      'type': 'object',
                    }),
                  ]),
                }),
                'type': 'array',
              }),
            ]),
            'title': 'Content',
          }),
          'id': dict({
            'title': 'Id',
            'type': 'string',
          }),
          'name': dict({
            'title': 'Name',
            'type': 'string',
          }),
          'response_metadata': dict({
            'title': 'Response Metadata',
            'type': 'object',
          }),
          'type': dict({
            'default': 'function',
            'enum': list([
              'function',
            ]),
            'title': 'Type',
            'type': 'string',
          }),
        }),
        'required': list([
          'content',
          'name',
        ]),
        'title': 'FunctionMessage',
        'type': 'object',
      }),
      'HumanMessage': dict({
        'description': 'Message from a human.',
        'properties': dict({
          'additional_kwargs': dict({
            'title': 'Additional Kwargs',
            'type': 'object',
          }),
          'content': dict({
            'anyOf': list([
              dict({
                'type': 'string',
              }),
              dict({
                'items': dict({
                  'anyOf': list([
                    dict({
                      'type': 'string',
                    }),
                    dict({
                      'type': 'object',
                    }),
                  ]),
                }),
                'type': 'array',
              }),
            ]),
            'title': 'Content',
          }),
          'example': dict({
            'default': False,
            'title': 'Example',
            'type': 'boolean',
          }),
          'id': dict({
            'title': 'Id',
            'type': 'string',
          }),
          'name': dict({
            'title': 'Name',
            'type': 'string',
          }),
          'response_metadata': dict({
            'title': 'Response Metadata',
            'type': 'object',
          }),
          'type': dict({
            'default': 'human',
            'enum': list([
              'human',
            ]),
            'title': 'Type',
            'type': 'string',
          }),
        }),
        'required': list([
          'content',
        ]),
        'title': 'HumanMessage',
        'type': 'object',
      }),
      'StringPromptValue': dict({
        'description': 'String prompt value.',
        'properties': dict({
          'text': dict({
            'title': 'Text',
            'type': 'string',
          }),
          'type': dict({
            'default': 'StringPromptValue',
            'enum': list([
              'StringPromptValue',
            ]),
            'title': 'Type',
            'type': 'string',
          }),
        }),
        'required': list([
          'text',
        ]),
        'title': 'StringPromptValue',
        'type': 'object',
      }),
      'SystemMessage': dict({
        'description': '''
          Message for priming AI behavior, usually passed in as the first of a sequence
          of input messages.
        ''',
        'properties': dict({
          'additional_kwargs': dict({
            'title': 'Additional Kwargs',
            'type': 'object',
          }),
          'content': dict({
            'anyOf': list([
              dict({
                'type': 'string',
              }),
              dict({
                'items': dict({
                  'anyOf': list([
                    dict({
                      'type': 'string',
                    }),
                    dict({
                      'type': 'object',
                    }),
                  ]),
                }),
                'type': 'array',
              }),
            ]),
            'title': 'Content',
          }),
          'id': dict({
            'title': 'Id',
            'type': 'string',
          }),
          'name': dict({
            'title': 'Name',
            'type': 'string',
          }),
          'response_metadata': dict({
            'title': 'Response Metadata',
            'type': 'object',
          }),
          'type': dict({
            'default': 'system',
            'enum': list([
              'system',
            ]),
            'title': 'Type',
            'type': 'string',
          }),
        }),
        'required': list([
          'content',
        ]),
        'title': 'SystemMessage',
        'type': 'object',
      }),
      'ToolMessage': dict({
        'description': 'Message for passing the result of executing a tool back to a model.',
        'properties': dict({
          'additional_kwargs': dict({
            'title': 'Additional Kwargs',
            'type': 'object',
          }),
          'content': dict({
            'anyOf': list([
              dict({
                'type': 'string',
              }),
              dict({
                'items': dict({
                  'anyOf': list([
                    dict({
                      'type': 'string',
                    }),
                    dict({
                      'type': 'object',
                    }),
                  ]),
                }),
                'type': 'array',
              }),
            ]),
            'title': 'Content',
          }),
          'id': dict({
            'title': 'Id',
            'type': 'string',
          }),
          'name': dict({
            'title': 'Name',
            'type': 'string',
          }),
          'response_metadata': dict({
            'title': 'Response Metadata',
            'type': 'object',
          }),
          'tool_call_id': dict({
            'title': 'Tool Call Id',
            'type': 'string',
          }),
          'type': dict({
            'default': 'tool',
            'enum': list([
              'tool',
            ]),
            'title': 'Type',
            'type': 'string',
          }),
        }),
        'required': list([
          'content',
          'tool_call_id',
        ]),
        'title': 'ToolMessage',
        'type': 'object',
      }),
    }),
    'title': 'PromptTemplateOutput',
  })
# ---
# name: test_schemas.5
  dict({
    'definitions': dict({
      'AIMessage': dict({
        'description': 'Message from an AI.',
        'properties': dict({
          'additional_kwargs': dict({
            'title': 'Additional Kwargs',
            'type': 'object',
          }),
          'content': dict({
            'anyOf': list([
              dict({
                'type': 'string',
              }),
              dict({
                'items': dict({
                  'anyOf': list([
                    dict({
                      'type': 'string',
                    }),
                    dict({
                      'type': 'object',
                    }),
                  ]),
                }),
                'type': 'array',
              }),
            ]),
            'title': 'Content',
          }),
          'example': dict({
            'default': False,
            'title': 'Example',
            'type': 'boolean',
          }),
          'id': dict({
            'title': 'Id',
            'type': 'string',
          }),
          'name': dict({
            'title': 'Name',
            'type': 'string',
          }),
          'response_metadata': dict({
            'title': 'Response Metadata',
            'type': 'object',
          }),
          'type': dict({
            'default': 'ai',
            'enum': list([
              'ai',
            ]),
            'title': 'Type',
            'type': 'string',
          }),
        }),
        'required': list([
          'content',
        ]),
        'title': 'AIMessage',
        'type': 'object',
      }),
      'ChatMessage': dict({
        'description': 'Message that can be assigned an arbitrary speaker (i.e. role).',
        'properties': dict({
          'additional_kwargs': dict({
            'title': 'Additional Kwargs',
            'type': 'object',
          }),
          'content': dict({
            'anyOf': list([
              dict({
                'type': 'string',
              }),
              dict({
                'items': dict({
                  'anyOf': list([
                    dict({
                      'type': 'string',
                    }),
                    dict({
                      'type': 'object',
                    }),
                  ]),
                }),
                'type': 'array',
              }),
            ]),
            'title': 'Content',
          }),
          'id': dict({
            'title': 'Id',
            'type': 'string',
          }),
          'name': dict({
            'title': 'Name',
            'type': 'string',
          }),
          'response_metadata': dict({
            'title': 'Response Metadata',
            'type': 'object',
          }),
          'role': dict({
            'title': 'Role',
            'type': 'string',
          }),
          'type': dict({
            'default': 'chat',
            'enum': list([
              'chat',
            ]),
            'title': 'Type',
            'type': 'string',
          }),
        }),
        'required': list([
          'content',
          'role',
        ]),
        'title': 'ChatMessage',
        'type': 'object',
      }),
      'ChatPromptValueConcrete': dict({
        'description': '''
          Chat prompt value which explicitly lists out the message types it accepts.
          For use in external schemas.
        ''',
        'properties': dict({
          'messages': dict({
            'items': dict({
              'anyOf': list([
                dict({
                  '$ref': '#/definitions/AIMessage',
                }),
                dict({
                  '$ref': '#/definitions/HumanMessage',
                }),
                dict({
                  '$ref': '#/definitions/ChatMessage',
                }),
                dict({
                  '$ref': '#/definitions/SystemMessage',
                }),
                dict({
                  '$ref': '#/definitions/FunctionMessage',
                }),
                dict({
                  '$ref': '#/definitions/ToolMessage',
                }),
              ]),
            }),
            'title': 'Messages',
            'type': 'array',
          }),
          'type': dict({
            'default': 'ChatPromptValueConcrete',
            'enum': list([
              'ChatPromptValueConcrete',
            ]),
            'title': 'Type',
            'type': 'string',
          }),
        }),
        'required': list([
          'messages',
        ]),
        'title': 'ChatPromptValueConcrete',
        'type': 'object',
      }),
      'FunctionMessage': dict({
        'description': 'Message for passing the result of executing a function back to a model.',
        'properties': dict({
          'additional_kwargs': dict({
            'title': 'Additional Kwargs',
            'type': 'object',
          }),
          'content': dict({
            'anyOf': list([
              dict({
                'type': 'string',
              }),
              dict({
                'items': dict({
                  'anyOf': list([
                    dict({
                      'type': 'string',
                    }),
                    dict({
                      'type': 'object',
                    }),
                  ]),
                }),
                'type': 'array',
              }),
            ]),
            'title': 'Content',
          }),
          'id': dict({
            'title': 'Id',
            'type': 'string',
          }),
          'name': dict({
            'title': 'Name',
            'type': 'string',
          }),
          'response_metadata': dict({
            'title': 'Response Metadata',
            'type': 'object',
          }),
          'type': dict({
            'default': 'function',
            'enum': list([
              'function',
            ]),
            'title': 'Type',
            'type': 'string',
          }),
        }),
        'required': list([
          'content',
          'name',
        ]),
        'title': 'FunctionMessage',
        'type': 'object',
      }),
      'HumanMessage': dict({
        'description': 'Message from a human.',
        'properties': dict({
          'additional_kwargs': dict({
            'title': 'Additional Kwargs',
            'type': 'object',
          }),
          'content': dict({
            'anyOf': list([
              dict({
                'type': 'string',
              }),
              dict({
                'items': dict({
                  'anyOf': list([
                    dict({
                      'type': 'string',
                    }),
                    dict({
                      'type': 'object',
                    }),
                  ]),
                }),
                'type': 'array',
              }),
            ]),
            'title': 'Content',
          }),
          'example': dict({
            'default': False,
            'title': 'Example',
            'type': 'boolean',
          }),
          'id': dict({
            'title': 'Id',
            'type': 'string',
          }),
          'name': dict({
            'title': 'Name',
            'type': 'string',
          }),
          'response_metadata': dict({
            'title': 'Response Metadata',
            'type': 'object',
          }),
          'type': dict({
            'default': 'human',
            'enum': list([
              'human',
            ]),
            'title': 'Type',
            'type': 'string',
          }),
        }),
        'required': list([
          'content',
        ]),
        'title': 'HumanMessage',
        'type': 'object',
      }),
      'PromptTemplateOutput': dict({
        'anyOf': list([
          dict({
            '$ref': '#/definitions/StringPromptValue',
          }),
          dict({
            '$ref': '#/definitions/ChatPromptValueConcrete',
          }),
        ]),
        'title': 'PromptTemplateOutput',
      }),
      'StringPromptValue': dict({
        'description': 'String prompt value.',
        'properties': dict({
          'text': dict({
            'title': 'Text',
            'type': 'string',
          }),
          'type': dict({
            'default': 'StringPromptValue',
            'enum': list([
              'StringPromptValue',
            ]),
            'title': 'Type',
            'type': 'string',
          }),
        }),
        'required': list([
          'text',
        ]),
        'title': 'StringPromptValue',
        'type': 'object',
      }),
      'SystemMessage': dict({
        'description': '''
          Message for priming AI behavior, usually passed in as the first of a sequence
          of input messages.
        ''',
        'properties': dict({
          'additional_kwargs': dict({
            'title': 'Additional Kwargs',
            'type': 'object',
          }),
          'content': dict({
            'anyOf': list([
              dict({
                'type': 'string',
              }),
              dict({
                'items': dict({
                  'anyOf': list([
                    dict({
                      'type': 'string',
                    }),
                    dict({
                      'type': 'object',
                    }),
                  ]),
                }),
                'type': 'array',
              }),
            ]),
            'title': 'Content',
          }),
          'id': dict({
            'title': 'Id',
            'type': 'string',
          }),
          'name': dict({
            'title': 'Name',
            'type': 'string',
          }),
          'response_metadata': dict({
            'title': 'Response Metadata',
            'type': 'object',
          }),
          'type': dict({
            'default': 'system',
            'enum': list([
              'system',
            ]),
            'title': 'Type',
            'type': 'string',
          }),
        }),
        'required': list([
          'content',
        ]),
        'title': 'SystemMessage',
        'type': 'object',
      }),
      'ToolMessage': dict({
        'description': 'Message for passing the result of executing a tool back to a model.',
        'properties': dict({
          'additional_kwargs': dict({
            'title': 'Additional Kwargs',
            'type': 'object',
          }),
          'content': dict({
            'anyOf': list([
              dict({
                'type': 'string',
              }),
              dict({
                'items': dict({
                  'anyOf': list([
                    dict({
                      'type': 'string',
                    }),
                    dict({
                      'type': 'object',
                    }),
                  ]),
                }),
                'type': 'array',
              }),
            ]),
            'title': 'Content',
          }),
          'id': dict({
            'title': 'Id',
            'type': 'string',
          }),
          'name': dict({
            'title': 'Name',
            'type': 'string',
          }),
          'response_metadata': dict({
            'title': 'Response Metadata',
            'type': 'object',
          }),
          'tool_call_id': dict({
            'title': 'Tool Call Id',
            'type': 'string',
          }),
          'type': dict({
            'default': 'tool',
            'enum': list([
              'tool',
            ]),
            'title': 'Type',
            'type': 'string',
          }),
        }),
        'required': list([
          'content',
          'tool_call_id',
        ]),
        'title': 'ToolMessage',
        'type': 'object',
      }),
    }),
    'items': dict({
      '$ref': '#/definitions/PromptTemplateOutput',
    }),
    'title': 'RunnableEach<PromptTemplate>Output',
    'type': 'array',
  })
# ---
# name: test_schemas.6
  dict({
    'anyOf': list([
      dict({
        'type': 'string',
      }),
      dict({
        '$ref': '#/definitions/AIMessage',
      }),
      dict({
        '$ref': '#/definitions/HumanMessage',
      }),
      dict({
        '$ref': '#/definitions/ChatMessage',
      }),
      dict({
        '$ref': '#/definitions/SystemMessage',
      }),
      dict({
        '$ref': '#/definitions/FunctionMessage',
      }),
      dict({
        '$ref': '#/definitions/ToolMessage',
      }),
    ]),
    'definitions': dict({
      'AIMessage': dict({
        'description': 'Message from an AI.',
        'properties': dict({
          'additional_kwargs': dict({
            'title': 'Additional Kwargs',
            'type': 'object',
          }),
          'content': dict({
            'anyOf': list([
              dict({
                'type': 'string',
              }),
              dict({
                'items': dict({
                  'anyOf': list([
                    dict({
                      'type': 'string',
                    }),
                    dict({
                      'type': 'object',
                    }),
                  ]),
                }),
                'type': 'array',
              }),
            ]),
            'title': 'Content',
          }),
          'example': dict({
            'default': False,
            'title': 'Example',
            'type': 'boolean',
          }),
          'id': dict({
            'title': 'Id',
            'type': 'string',
          }),
          'name': dict({
            'title': 'Name',
            'type': 'string',
          }),
          'response_metadata': dict({
            'title': 'Response Metadata',
            'type': 'object',
          }),
          'type': dict({
            'default': 'ai',
            'enum': list([
              'ai',
            ]),
            'title': 'Type',
            'type': 'string',
          }),
        }),
        'required': list([
          'content',
        ]),
        'title': 'AIMessage',
        'type': 'object',
      }),
      'ChatMessage': dict({
        'description': 'Message that can be assigned an arbitrary speaker (i.e. role).',
        'properties': dict({
          'additional_kwargs': dict({
            'title': 'Additional Kwargs',
            'type': 'object',
          }),
          'content': dict({
            'anyOf': list([
              dict({
                'type': 'string',
              }),
              dict({
                'items': dict({
                  'anyOf': list([
                    dict({
                      'type': 'string',
                    }),
                    dict({
                      'type': 'object',
                    }),
                  ]),
                }),
                'type': 'array',
              }),
            ]),
            'title': 'Content',
          }),
          'id': dict({
            'title': 'Id',
            'type': 'string',
          }),
          'name': dict({
            'title': 'Name',
            'type': 'string',
          }),
          'response_metadata': dict({
            'title': 'Response Metadata',
            'type': 'object',
          }),
          'role': dict({
            'title': 'Role',
            'type': 'string',
          }),
          'type': dict({
            'default': 'chat',
            'enum': list([
              'chat',
            ]),
            'title': 'Type',
            'type': 'string',
          }),
        }),
        'required': list([
          'content',
          'role',
        ]),
        'title': 'ChatMessage',
        'type': 'object',
      }),
      'FunctionMessage': dict({
        'description': 'Message for passing the result of executing a function back to a model.',
        'properties': dict({
          'additional_kwargs': dict({
            'title': 'Additional Kwargs',
            'type': 'object',
          }),
          'content': dict({
            'anyOf': list([
              dict({
                'type': 'string',
              }),
              dict({
                'items': dict({
                  'anyOf': list([
                    dict({
                      'type': 'string',
                    }),
                    dict({
                      'type': 'object',
                    }),
                  ]),
                }),
                'type': 'array',
              }),
            ]),
            'title': 'Content',
          }),
          'id': dict({
            'title': 'Id',
            'type': 'string',
          }),
          'name': dict({
            'title': 'Name',
            'type': 'string',
          }),
          'response_metadata': dict({
            'title': 'Response Metadata',
            'type': 'object',
          }),
          'type': dict({
            'default': 'function',
            'enum': list([
              'function',
            ]),
            'title': 'Type',
            'type': 'string',
          }),
        }),
        'required': list([
          'content',
          'name',
        ]),
        'title': 'FunctionMessage',
        'type': 'object',
      }),
      'HumanMessage': dict({
        'description': 'Message from a human.',
        'properties': dict({
          'additional_kwargs': dict({
            'title': 'Additional Kwargs',
            'type': 'object',
          }),
          'content': dict({
            'anyOf': list([
              dict({
                'type': 'string',
              }),
              dict({
                'items': dict({
                  'anyOf': list([
                    dict({
                      'type': 'string',
                    }),
                    dict({
                      'type': 'object',
                    }),
                  ]),
                }),
                'type': 'array',
              }),
            ]),
            'title': 'Content',
          }),
          'example': dict({
            'default': False,
            'title': 'Example',
            'type': 'boolean',
          }),
          'id': dict({
            'title': 'Id',
            'type': 'string',
          }),
          'name': dict({
            'title': 'Name',
            'type': 'string',
          }),
          'response_metadata': dict({
            'title': 'Response Metadata',
            'type': 'object',
          }),
          'type': dict({
            'default': 'human',
            'enum': list([
              'human',
            ]),
            'title': 'Type',
            'type': 'string',
          }),
        }),
        'required': list([
          'content',
        ]),
        'title': 'HumanMessage',
        'type': 'object',
      }),
      'SystemMessage': dict({
        'description': '''
          Message for priming AI behavior, usually passed in as the first of a sequence
          of input messages.
        ''',
        'properties': dict({
          'additional_kwargs': dict({
            'title': 'Additional Kwargs',
            'type': 'object',
          }),
          'content': dict({
            'anyOf': list([
              dict({
                'type': 'string',
              }),
              dict({
                'items': dict({
                  'anyOf': list([
                    dict({
                      'type': 'string',
                    }),
                    dict({
                      'type': 'object',
                    }),
                  ]),
                }),
                'type': 'array',
              }),
            ]),
            'title': 'Content',
          }),
          'id': dict({
            'title': 'Id',
            'type': 'string',
          }),
          'name': dict({
            'title': 'Name',
            'type': 'string',
          }),
          'response_metadata': dict({
            'title': 'Response Metadata',
            'type': 'object',
          }),
          'type': dict({
            'default': 'system',
            'enum': list([
              'system',
            ]),
            'title': 'Type',
            'type': 'string',
          }),
        }),
        'required': list([
          'content',
        ]),
        'title': 'SystemMessage',
        'type': 'object',
      }),
      'ToolMessage': dict({
        'description': 'Message for passing the result of executing a tool back to a model.',
        'properties': dict({
          'additional_kwargs': dict({
            'title': 'Additional Kwargs',
            'type': 'object',
          }),
          'content': dict({
            'anyOf': list([
              dict({
                'type': 'string',
              }),
              dict({
                'items': dict({
                  'anyOf': list([
                    dict({
                      'type': 'string',
                    }),
                    dict({
                      'type': 'object',
                    }),
                  ]),
                }),
                'type': 'array',
              }),
            ]),
            'title': 'Content',
          }),
          'id': dict({
            'title': 'Id',
            'type': 'string',
          }),
          'name': dict({
            'title': 'Name',
            'type': 'string',
          }),
          'response_metadata': dict({
            'title': 'Response Metadata',
            'type': 'object',
          }),
          'tool_call_id': dict({
            'title': 'Tool Call Id',
            'type': 'string',
          }),
          'type': dict({
            'default': 'tool',
            'enum': list([
              'tool',
            ]),
            'title': 'Type',
            'type': 'string',
          }),
        }),
        'required': list([
          'content',
          'tool_call_id',
        ]),
        'title': 'ToolMessage',
        'type': 'object',
      }),
    }),
    'title': 'CommaSeparatedListOutputParserInput',
  })
# ---
